0    1
1    2
2    3
dtype: int64
int64 (3,) 3 3 None
0    1.5
1    2.0
2    NaN
dtype: float64
0    1.0
1    2.0
2    NaN
dtype: float64
0       a
1      bb
2     NaN
3    dddd
dtype: str
0     True
1    False
2     True
dtype: bool
0      1
1      a
2    2.5
dtype: object
x    1
y    2
z    3
Name: vals, dtype: int64
b    1
a    2
dtype: int64
10    5
20    5
30    5
dtype: int64
Series([], dtype: float64)
0    1.0
1    2.0
2    3.0
dtype: float64
0      0.10
1      0.25
2    100.00
dtype: float64
0    1.000000e-10
1    1.000000e+00
dtype: float64
0    1.000000e+10
1    1.000000e+00
dtype: float64
0   -1.50
1    2.25
2   -3.00
dtype: float64
0    1
1    2
2    3
dtype: int64
RangeIndex(start=0, stop=3, step=1)
[1, 2, 3]
0    1
1    2
dtype: int64
1    2
2    3
dtype: int64
