0    False
1     True
2     True
3    False
4     True
dtype: bool
0    False
1     True
2    False
3    False
4    False
dtype: bool
0     True
1    False
2     True
3     True
4     True
dtype: bool
0     True
1    False
2     True
3    False
4    False
dtype: bool
0    False
1     True
2     True
3    False
4     True
dtype: bool
0    False
1     True
2     True
3    False
4    False
dtype: bool
0     True
1    False
2    False
3    False
4     True
dtype: bool
0     True
1    False
2    False
3     True
4    False
dtype: bool
0     True
1     True
2    False
3    False
4     True
dtype: bool
0     True
1    False
2    False
3     True
dtype: bool
0    False
1     True
2     True
3    False
dtype: bool
0     True
1    False
2    False
3     True
dtype: bool
0     True
1    False
2     True
dtype: bool
0    False
1     True
2    False
dtype: bool 0    False
1     True
2     True
dtype: bool 0     True
1     True
2    False
dtype: bool
0     True
1     True
2    False
dtype: bool
0    False
1     True
2     True
dtype: bool
0    False
1    False
2    False
dtype: bool
0    False
1     True
2     True
dtype: bool 0    False
1     True
dtype: bool
       a      b
0  False   True
1   True   True
2   True  False
      a     b
0  True  True
1  True  True
2  True  True
     a    b
0  NaN  3.0
1  2.0  2.0
2  3.0  NaN
   a  b
1  2  2
2  3  1
   a  b
1  2  2
0    False
1    False
2     True
dtype: bool
ValueError Can only compare identically-labeled Series objects
ValueError
